[SUCCESS] The Tide Is Turning (After Live Aid) - Roger Waters (Saved as: Roger Waters - The Tide Is Turning.mp3)
[SUCCESS] Home - Roger Waters (Saved as: Roger Waters - Home (Album Version).mp3)
[SUCCESS] Sunset Strip - Roger Waters (Saved as: Roger Waters - Sunset Strip (Album Version).mp3)
[SUCCESS] Me Or Him - Roger Waters (Saved as: Roger Waters - Me Or Him (Album Version).flac)
[SUCCESS] Amused to Death - Roger Waters (Saved as: Roger Waters - Amused to Death.mp3)
[SUCCESS] Three Wishes - Roger Waters (Saved as: Roger Waters - Three Wishes.flac)
[SUCCESS] What God Wants, Pt. III - Roger Waters (Saved as: Roger Waters - What God Wants, Pt. II.flac)
[SUCCESS] What God Wants, Pt. II - Roger Waters (Saved as: Roger Waters - What God Wants, Pt. II (1).flac)
[FAILED] Part Of Me Died - Roger Waters (Timeout: Bot did not respond with media)
[SUCCESS] Broken Bones - Roger Waters (Saved as: Roger Waters - Broken Bones.mp3)
[FAILED] Déjà Vu - Roger Waters (Timeout: Bot did not respond with media)
[SUCCESS] Two Suns In The Sunset - Roger Waters (Saved as: Roger Waters - Déjà Vu.flac)
[SUCCESS] アホンダラ行進曲 - GOING STEADY (Saved as: GOING STEADY - アホンダラ行進曲.flac)
[SUCCESS] 銀河鉄道の夜 - GOING STEADY (Saved as: GOING STEADY - 銀河鉄道の夜.flac)
[FAILED] 人間合格 - THE FOREVER YOUNG (Timeout: Bot did not respond with media)
[SUCCESS] 心の旅 - THE FOREVER YOUNG (Saved as: THE FOREVER YOUNG - 心の旅.flac)
[SKIPPED] ミッドナイトライナー - THE FOREVER YOUNG (File already exists in TMDownload)
[SUCCESS] 笑っていようぜ - THE FOREVER YOUNG (Saved as: THE FOREVER YOUNG - 笑っていようぜ.flac)
[SKIPPED] アイラビュベイベー - THE FOREVER YOUNG (File already exists in TMDownload)
[SUCCESS] 一生青春突撃宣言 - THE FOREVER YOUNG (Saved as: THE FOREVER YOUNG - 一生青春突撃宣言.flac)
[SUCCESS] 泣けよ男だろ - THE FOREVER YOUNG (Saved as: THE FOREVER YOUNG - 泣けよ男だろ.flac)
[SUCCESS] Because I Love You - THE FOREVER YOUNG (Saved as: Shakin  Stevens - Because I Love You.mp3)
[SUCCESS] TWO PUNKS - THE MODS (Saved as: THE MODS - TWO PUNKS.flac)
[SKIPPED] くよくよしたって・・・・・・ - THE MODS (File already exists in TMDownload)
[SUCCESS] UNIFORM - THE MODS (Saved as: THE MODS - UNIFORM.flac)
[SUCCESS] 激しい雨が - THE MODS (Saved as: Anime Kei - Main Theme.flac)
[SUCCESS] 颯 - JUN SKY WALKER(S) (Saved as: JUN SKY WALKER(S) - 転がる石のように.flac)
[SUCCESS] 歩いていこう - JUN SKY WALKER(S) (Saved as: JUN SKY WALKER(S) - 歩いて行こう.mp3)
[SKIPPED] 突撃ロック - ザ・クロマニヨンズ (File already exists in TMDownload)
[SUCCESS] 那些走过的路 - 王黎0125 (Saved as: 王黎0125 - 那些走过的路.flac)
[SUCCESS] My Lovely Lady - Jimmy Buffett (Saved as: Jimmy Buffett - My Lovely Lady.flac)
[SUCCESS] I Have Found Me A Home - Jimmy Buffett (Saved as: Stardust at 432Hz - I Have Found Me.flac)
[SUCCESS] The Great Filling Station Holdup - Jimmy Buffett (Saved as: Sister Hazel - The Great Filling Station Holdup.flac)
[SUCCESS] Down at the Lah De Dah - Jimmy Buffett (Saved as: Lullaby Baby Trio - Down at the Lah De Dah.flac)
[SUCCESS] Knee Deep (feat. Jimmy Buffett) - Zac Brown Band / Jimmy Buffett (Saved as: Zac_Brown_Band,Jimmy_Buffett_Knee_Deep_feat_Jimmy_Buffett.flac)
[SUCCESS] Come Monday - Jake Shimabukuro / Jimmy Buffett (Saved as: Jake Shimabukuro,Jimmy Buffett - Come Monday.flac)
[SUCCESS] It's Five O'Clock Somewhere - Alan Jackson / Jimmy Buffett (Saved as: Alan Jackson - It s Five O Clock Somewhere.flac)
[SUCCESS] Mele Kalikimaka - Jake Shimabukuro / Jimmy Buffett (Saved as: Paniyolo - Mele Kalikimaka.flac)
[SUCCESS] Somewhere in the Vicinity of the Heart - Shenandoah / Alison Krauss (Saved as: Mark Sparling - Somewhere in the Woods (Short Hike).flac)
[SUCCESS] Let It Be Me - Phil Everly (Saved as: Phil Everly - Let It Be Me.flac)
[SUCCESS] Let It Be (Live) - Paul McCartney (Saved as: Paul McCartney - Let It Be (Live).flac)
[SUCCESS] Brotherly Love - Keith Whitley / Earl Thomas Conley (Saved as: Keith Whitley,Earl Thomas Conley - Brotherly Love.mp3)
[SUCCESS] What She Is (Is Woman In Love) - Earl Thomas Conley (Saved as: Mega_Tracks_Karaoke_Band_What_She_Is_Is_a_Woman_in_Love_Ori.flac)
[SUCCESS] I Have Loved You Girl (But Not Like This Before) - Earl Thomas Conley (Saved as: Michael Whalen - I Have Loved You For A Thousand Lifetimes.flac)
[SUCCESS] Too Much Noise (Trucker's Waltz) - Earl Thomas Conley (Saved as: Earl Thomas Conley - Too Much Noise (Trucker s Waltz).mp3)
[SUCCESS] The Games That Daddies Play - Conway Twitty (Saved as: Conway Twitty - The Games That Daddies Play (Album Version).flac)
[SUCCESS] The Image of Me - Conway Twitty (Saved as: Conway Twitty - The Image of Me.flac)
[SUCCESS] I'd Just Love To Lay You Down - Conway Twitty (Saved as: Chris Young - I Can Take It From There.flac)
[SUCCESS] Slow Hand (LP Version) - Conway Twitty (Saved as: Various_Artists_Slow_Hand_Karaoke_tribute_version_originally.flac)
[FAILED] Jersey Girl - Tom Waits (Timeout: Bot did not respond with media)
[SUCCESS] If I Have To Go - Tom Waits (Saved as: Tom Waits - If I Have To Go.mp3)
[SUCCESS] Bobby Goldsboro - Me and the Elephants (Saved as: Bobby Goldsboro - Broomstick Cowboy (1991 Digital Remaster).flac)
[SUCCESS] Bobby Goldsboro - The Straight Life (Saved as: Bobby Goldsboro - Broomstick Cowboy (1991 Digital Remaster) (1).flac)
[SUCCESS] Bobby Goldsboro - Broomstick Cowboy (1991 Digital Remaster) (Saved as: Bobby Goldsboro - Broomstick Cowboy (1991 Digital Remaster) (2).flac)
[SUCCESS] Bobby Goldsboro - Watching Scotty Grow (Saved as: Bobby Goldsboro - Broomstick Cowboy (1991 Digital Remaster) (3).flac)
[SUCCESS] Bobby Goldsboro - It's Gonna Change (Saved as: Bobby Goldsboro - Broomstick Cowboy (1991 Digital Remaster) (4).flac)
[SUCCESS] Bobby Goldsboro - Down On The Bayou (Saved as: Bobby Goldsboro - Broomstick Cowboy (1991 Digital Remaster) (5).flac)
[SUCCESS] Bobby Goldsboro - Heaven Here On Earth (Saved as: Bobby Goldsboro - Broomstick Cowboy (1991 Digital Remaster) (6).flac)
[SUCCESS] Bobby Goldsboro - For The Very First Time (Saved as: Bobby Goldsboro - Honey.flac)
[SUCCESS] Bobby Goldsboro - Mary Jackson (Saved as: Bobby Goldsboro - Broomstick Cowboy (1991 Digital Remaster) (7).flac)
[SUCCESS] Bobby Goldsboro - My God And I (Saved as: Bobby Goldsboro - Broomstick Cowboy (1991 Digital Remaster) (8).flac)
[SUCCESS] Bobby Goldsboro - Pardon Me Miss (Saved as: Bobby Goldsboro - Broomstick Cowboy (1991 Digital Remaster) (9).flac)
[SUCCESS] Bobby Goldsboro - With Pen In Hand (Saved as: Bobby Goldsboro - With Pen in Hand.flac)
[SUCCESS] Bobby Goldsboro - Run To Me (Saved as: Bobby Goldsboro - Run To Me.flac)
[SUCCESS] Bobby Goldsboro - Honey (Saved as: Bobby Goldsboro - Honey (1).flac)
[SUCCESS] Bobby Goldsboro - Hello Summertime (Saved as: Bobby Goldsboro - Hello Summertime.flac)
[SUCCESS] Bobby Goldsboro - Autumn of My Life (Saved as: Bobby Goldsboro - Broomstick Cowboy (1991 Digital Remaster) (10).flac)
[SUCCESS] Bobby Goldsboro - Little Things (Saved as: Bobby Goldsboro - Little Things.flac)
[SUCCESS] Rodney Atkins - Watching You (Saved as: Rodney Atkins - Watching You.flac)
[SUCCESS] Rodney Atkins - Eat Sleep Love You Repeat (Saved as: Rodney Atkins - Eat Sleep Love You Repeat.flac)
[SUCCESS] The Jam - Going Underground (Saved as: The Jam - Going Underground.flac)
[SUCCESS] The Jam - In The City (Saved as: The Jam - In The City.flac)
[SUCCESS] David Rawlings - Guitar Man (Saved as: David Rawlings - Guitar Man.flac)
[SUCCESS] Prefab Sprout - Appetite (Saved as: Prefab Sprout - Appetite (2007 Remastered Version).flac)
[SUCCESS] Prefab Sprout - Bonny (Saved as: Prefab Sprout - Bonny.flac)
[SUCCESS] Prefab Sprout - Faron (Saved as: Prefab Sprout - Faron Young.flac)
[SUCCESS] Paul Simon - Diamonds On the Soles of Her Shoes (Saved as: Paul Simon - Diamonds On the Soles of Her Shoes.flac)
[SUCCESS] Paul Simon - Graceland (Saved as: Paul Simon - Graceland.flac)
[SUCCESS] Paul Simon - The Boy In the Bubble (Saved as: Paul Simon - The Boy In the Bubble.flac)
[SUCCESS] The Waterboys - This Is the Sea (2004 Remaster) (Saved as: The Waterboys - This Is the Sea (2004 Remaster).flac)
[SUCCESS] Freddie King - Burglar (Saved as: Freddie King - Let The Good Times Roll.flac)
[SUCCESS] Freddie King - Sugar Sweet (Saved as: Freddie King,Eric Clapton And His Band - Sugar Sweet.flac)
[SUCCESS] Freddie King - Ain't No Big Deal On You (Saved as: Freddie King - Ain t No Big Deal On You.flac)
[SUCCESS] Freddie King - Sweet Home Chicago (Saved as: Freddie King - Sweet Home Chicago.flac)
[SUCCESS] Freddie King - Let the Good Times Roll (Saved as: Freddie King - Let The Good Times Roll (1).flac)
[SUCCESS] Freddie King - Ain't No Sunshine (Saved as: Freddie King - Ain t No Sunshine.flac)
[SUCCESS] Albert Collins - Too Many Dirty Dishes (Saved as: Albert Collins - Too Many Dirty Dishes.flac)
[SUCCESS] Lee "Scratch" Perry - I Am a Madman (Saved as: Lee  Scratch  Perry - The Game Black.mp3)
[SUCCESS] Lee "Scratch" Perry - The Game Black (Saved as: Lee  Scratch  Perry - The Game Black (1).mp3)
[SUCCESS] Taj Mahal - Make Up Your Mind (Saved as: Taj Mahal,Keb  Mo  - Make Up Your Mind.flac)
[SUCCESS] Taj Mahal - Time (Saved as: Taj Mahal,Phantom Blues Band - Time.flac)
[SUCCESS] Taj Mahal - Diving Duck Blues (Saved as: Taj Mahal,Keb  Mo  - Diving Duck Blues.flac)
[SUCCESS] Taj Mahal - Room On The Porch (Saved as: Taj Mahal,Keb  Mo ,Ruby Amanfu - Room On The Porch.flac)
[SUCCESS] Taj Mahal - Ain't Nobody Talkin' (Saved as: Taj Mahal,Keb  Mo  - Ain t Nobody Talkin.flac)
[SUCCESS] Taj Mahal - Cakewalk Into Town (Saved as: Taj Mahal - Cakewalk into Town.flac)
[SUCCESS] Taj Mahal - Cheatin' On You (Saved as: Taj Mahal - Cheatin  on You.flac)
[SUCCESS] Taj Mahal - Don't Leave Me Here (Saved as: Taj Mahal,Keb  Mo  - Don t Leave Me Here.mp3)
[SUCCESS] Sharon Jones & the Dap-Kings - We Get Along (Saved as: Sharon Jones   the Dap-Kings - This Land Is Your Land.flac)
[SUCCESS] Sharon Jones & the Dap-Kings - How Long Do I Have to Wait for You? (Saved as: Sharon Jones   the Dap-Kings - This Land Is Your Land (1).flac)
[SUCCESS] Sharon Jones & the Dap-Kings - Pass Me By (Saved as: Sharon Jones   the Dap-Kings - This Land Is Your Land (2).flac)
[SUCCESS] Sharon Jones & the Dap-Kings - This Land Is Your Land (Saved as: Sharon Jones   the Dap-Kings - This Land Is Your Land (3).flac)
[SUCCESS] Steely Dan - Only A Fool Would Say That (Saved as: Steely Dan - Only A Fool Would Say That.flac)
[SUCCESS] Steely Dan - Doctor Wu (Saved as: Steely Dan - Doctor Wu.flac)
[SUCCESS] Steely Dan - Josie (Saved as: Steely Dan - Josie.flac)
[SUCCESS] Steely Dan - Kid Charlemagne (Saved as: Steely Dan - Kid Charlemagne.flac)
[SUCCESS] Steely Dan - Peg (Saved as: Steely Dan - Peg.flac)
[SUCCESS] Steely Dan - Hey Nineteen (Saved as: Steely Dan - Hey Nineteen.flac)
[SUCCESS] Steely Dan - Dirty Work (Saved as: Steely Dan - Dirty Work.flac)
[SUCCESS] Steely Dan - Reelin' In The Years (Saved as: Steely Dan - Reelin  In The Years.flac)
[SUCCESS] Steely Dan - Do It Again (Saved as: Steely Dan - Do It Again.flac)
[SUCCESS] Steely Dan - Fire In The Hole (Saved as: Steely Dan - Fire In The Hole.flac)
[SUCCESS] Johnny Cash - Tear Stained Letter (Saved as: Johnny Cash - Tear Stained Letter.flac)
[SUCCESS] Johnny Cash - Sam Hall (Saved as: Johnny Cash - Sam Hall.mp3)
[SUCCESS] Johnny Cash - Bridge Over Troubled Water (Saved as: Johnny Cash - Bridge Over Troubled Water.flac)
[SUCCESS] Johnny Cash - Give My Love To Rose (Saved as: Johnny Cash - Give My Love to Rose.flac)
[SUCCESS] Johnny Cash - You Are My Sunshine (Saved as: Johnny Cash - You Are My Sunshine.mp3)
[SUCCESS] Johnny Cash - Aloha Oe (Saved as: Johnny Cash - Aloha Oe.flac)
[SUCCESS] Johnny Cash - Highwayman (Saved as: Johnny_Cash,Willie_Nelson,Waylon_Jennings,Kris_Kristofferson_H.flac)
[SUCCESS] Johnny Cash - Heart Of Gold (Saved as: Johnny Cash - Heart Of Gold.flac)
[SUCCESS] Johnny Cash - Further On Up The Road (Saved as: Johnny Cash - Further On Up The Road.flac)
[SUCCESS] Johnny Cash - Hurt (Saved as: Johnny Cash - Hurt.mp3)
[SUCCESS] Johnny Cash - I Came to Believe (Saved as: Johnny Cash - I Came to Believe.flac)
[SUCCESS] Johnny Cash - Don't You Think It's Come Our Time (Saved as: Johnny Cash - Don t You Think It s Come Our Time.flac)
[SUCCESS] Johnny Cash - Rock and Roll Shoes (Saved as: Roy_Orbison,Johnny_Cash,Jerry_Lee_Lewis,Carl_Perkins_Rock_And.flac)
[SUCCESS] Johnny Cash - Tennessee (Saved as: Johnny Cash - Tennessee.flac)
[SUCCESS] Johnny Cash - Call Your Mother (Saved as: Johnny Cash - Call Your Mother.flac)
[SUCCESS] Johnny Cash - After All (Saved as: Johnny Cash - After All.flac)
[SUCCESS] Johnny Cash - She Used to Love Me a Lot (Saved as: Johnny Cash - She Used to Love Me a Lot.flac)
[SUCCESS] Johnny Cash - Out Among the Stars (Saved as: Johnny Cash - Out Among the Stars.flac)
[SUCCESS] Johnny Cash - Streets Of Laredo (Saved as: Johnny Cash - Streets of Laredo.mp3)
[SUCCESS] John Prine - Something Borrowed, Something New (Saved as: John Prine - 1959.flac)
[SUCCESS] John Prine - Love At The Five & Dime (Saved as: John Prine,Kelsey Waldon - Love At The Five   Dime.flac)
[SUCCESS] John Prine - How Lucky (Saved as: John Prine - How Lucky.flac)
[SUCCESS] John Prine - New Train (Saved as: John Prine - New Train.flac)
[SUCCESS] John Prine - Caravan of Fools (Saved as: John Prine - Caravan of Fools.flac)
[SUCCESS] John Prine - Angel from Montgomery (Saved as: John Prine,Bonnie Raitt - Angel from Montgomery (Live).flac)
[SUCCESS] John Prine - I Remember Everything (Saved as: John Prine - I Remember Everything.flac)
[SUCCESS] John Prine - Clay Pigeons (Saved as: John Prine - Clay Pigeons.flac)
[SUCCESS] John Prine - Sam Stone (Saved as: John Prine - Sam Stone.flac)
[SUCCESS] John Prine - Hello in There (Saved as: John Prine - Hello in There.flac)
[SUCCESS] John Prine - Spanish Pipedream (Saved as: John Prine - Spanish Pipedream.flac)
[SUCCESS] John Prine - Illegal Smile (Saved as: John Prine - Illegal Smile.flac)
[SUCCESS] John Prine - In Spite of Ourselves (feat. Iris DeMent) (Saved as: John_Prine,Iris_DeMent_In_Spite_of_Ourselves_feat_Iris_Demen.flac)
[SUCCESS] John Prine - Who's Gonna Take the Garbage out (feat. Iris DeMent) (Saved as: John_Prine,Iris_DeMent_Who_s_Gonna_Take_the_Garbage_Out_feat.flac)
[SUCCESS] John Prine - My Old Kentucky Home, Goodnight (Saved as: John Prine - My Old Kentucky Home, Goodnight.flac)
[SUCCESS] John Prine - The Way The World Goes 'Round (Saved as: John_Prine_The_Way_The_World_Goes_Round_Live_Newport_29th.flac)
[SUCCESS] John Prine - Clocks and Spoons (Saved as: John Prine - Clocks and Spoons (Live).flac)
[SUCCESS] John Prine - Fish and Whistle (Saved as: John Prine - Fish and Whistle.flac)
[SUCCESS] John Prine - You Never Can Tell (Saved as: John Prine - You Never Can Tell.flac)
[SUCCESS] John Prine - Paradise (Live) (Saved as: John Prine - Paradise (Live  Newport 29th   30th July 1989).flac)
[SUCCESS] John Prine - 1959 (Saved as: John Prine - 1959 (1).flac)
[SUCCESS] John Prine - Bruised Orange (Saved as: John Prine - Bruised Orange (Chain of Sorrow).flac)
[SUCCESS] John Prine - A Good Time (Saved as: John_Prine_A_Good_Time_The_5th_Peg,_Chicago,_1970_Live.flac)
[SUCCESS] John Prine - Mexican Home (Saved as: John Prine,Josh Ritter - Mexican Home.flac)
[SUCCESS] John Prine - The Accident (Things Could Be Worse) (Saved as: John Prine - The Accident (Things Could Be Worse) (Live).flac)
[SUCCESS] John Prine - Grandpa Was a Carpenter (Saved as: Mega_Tracks_Karaoke_Band_Grandpa_Was_a_Carpenter_Originally_P.flac)
[SUCCESS] John Prine - Onomatopeia (Saved as: John Prine - Onomatopeia.flac)
[SUCCESS] John Prine - Blue Umbrella (Saved as: John Prine - Blue Umbrella.flac)
[SUCCESS] John Prine - Christmas in Prison (Saved as: John Prine - Christmas in Prison.flac)
[SUCCESS] John Prine - Please Don't Bury Me (Saved as: John Prine - Please Don t Bury Me.flac)
[SUCCESS] John Prine - Sweet Revenge (Saved as: John Prine - Sweet Revenge.flac)
[SUCCESS] John Prine - Flashback Blues (Saved as: John Prine - Flashback Blues.flac)
[SUCCESS] John Prine - Six O'Clock News (Saved as: John Prine - Six O Clock News.flac)
[SUCCESS] John Prine - Donald and Lydia (Saved as: John Prine - Donald and Lydia.flac)
[SUCCESS] John Prine - Quiet Man (Saved as: John Prine - Quiet Man.flac)
[SUCCESS] John Prine - Far from Me (Saved as: John Prine - Far from Me.flac)
[SUCCESS] John Prine - Your Flag Decal Won't Get You into Heaven Anymore (Saved as: John_Prine_Your_Flag_Decal_Won_t_Get_You_into_Heaven_Anymore.flac)
[SUCCESS] John Prine - Pretty Good (Saved as: John Prine - Pretty Good.flac)
[SKIPPED] John Prine - Paradise (File already exists in TMDownload)
[SUCCESS] John Prine - Crooked Piece of Time (Saved as: John Prine - Crooked Piece of Time (Live).flac)
[SUCCESS] John Prine - Aw Heck (Saved as: John Prine - Aw Heck (Live).flac)
[SUCCESS] John Prine - That's the Way the World Goes Round (Saved as: John Prine - That s the Way That the World Goes  Round.flac)
[SUCCESS] John Prine - If You Don't Want My Love (Saved as: John Prine - If You Don t Want My Love (Remastered) (Live).flac)
[SUCCESS] John Prine - There She Goes (Saved as: John Prine - There She Goes (Live).flac)
[SUCCESS] Willie Nelson - On The Road Again (Live) (Saved as: 1779208778496804_871225a145d8c81820a5ee9c5e816482_flac_vuutv=qZKvj.mp3)
[SUCCESS] Willie Nelson - Yesterday's Wine (Saved as: Willie Nelson - Yesterday s Wine.mp3)
[SUCCESS] Willie Nelson - Me and Paul (Saved as: Willie Nelson - Me and Paul.mp3)
[SUCCESS] The Avett Brothers - Victory (Saved as: The Avett Brothers - All My Mistakes (US4BW0700133).flac)
[SUCCESS] The Avett Brothers - Winter In My Heart (Saved as: The Avett Brothers - All My Mistakes (US4BW0700133) (1).flac)
[SUCCESS] The Avett Brothers - No Hard Feelings (Saved as: The Avett Brothers - All My Mistakes (US4BW0700133) (2).flac)
[SUCCESS] Waylon Jennings - A Good Hearted Woman (Saved as: Waylon Jennings - Good Hearted Woman.flac)
[SUCCESS] Waylon Jennings - Suspicious Minds (Saved as: Waylon Jennings - Suspicious Minds (Live).mp3)
[SUCCESS] Waylon Jennings - Honky Tonk Heroes (Like Me) (Saved as: Waylon Jennings - Honky Tonk Heroes (Like Me).flac)
[SUCCESS] Waylon Jennings - Mammas Don't Let Your Babies Grow up to Be Cowboys (Saved as: Waylon Jennings - You Asked Me To.flac)
[SUCCESS] Waylon Jennings - I Ain't Living Long Like This (Saved as: Waylon Jennings - I Ain t Living Long Like This.flac)
[SUCCESS] Waylon Jennings - You Ask Me To (Saved as: Waylon Jennings - You Ask Me To.flac)
[SUCCESS] Waylon Jennings - Satin Sheets (Saved as: Waylon Jennings - Satin Sheets.flac)
[SUCCESS] Waylon Jennings - Brand New Goodbye Song (Saved as: Waylon Jennings - Are You Sure Hank Done It This Way.flac)
[SUCCESS] Waylon Jennings - Medley of Elvis Hits (Saved as: Waylon Jennings - Are You Sure Hank Done It This Way (1).flac)
[SUCCESS] Waylon Jennings - Belle of the Ball (Saved as: Waylon Jennings - Belle of the Ball.flac)
[SUCCESS] Waylon Jennings - Sweet Caroline (Saved as: Waylon Jennings - Sweet Caroline.flac)
[FAILED] Waylon Jennings - Lucille (Timeout: Bot did not respond with media)
[SUCCESS] Waylon Jennings - If You See Me Getting Smaller (Saved as: Waylon Jennings - You Asked Me To (1).flac)
[SUCCESS] Waylon Jennings - Luckenbach, Texas (Saved as: Waylon_Jennings_Luckenbach,_Texas_Back_to_the_Basics_of_Love.flac)
[SUCCESS] Waylon Jennings - Let's Turn Back the Years (Saved as: Waylon Jennings - You Asked Me To (2).flac)
[SUCCESS] Waylon Jennings - The Door Is Always Open (Saved as: Waylon Jennings - You Asked Me To (3).flac)
[SUCCESS] Waylon Jennings - I've Been a Long Time Leaving (Saved as: Waylon Jennings - You Asked Me To (4).flac)
[SUCCESS] Waylon Jennings - High Time (Saved as: Waylon Jennings - High Time (You Quit Your Lowdown Ways).mp3)
[SUCCESS] Waylon Jennings - Waymore's Blues (Saved as: Waylon Jennings - Are You Sure Hank Done It This Way (2).flac)
[SUCCESS] Waylon Jennings - Are You Sure Hank Done It This Way (Saved as: Waylon Jennings - Are You Sure Hank Done It This Way (3).flac)
[SUCCESS] Waylon Jennings - This Is Getting Funny (But There Ain't Nobody Laughing) (Saved as: Waylon Jennings - You Asked Me To (5).flac)
[SUCCESS] Jessi Colter - You Mean to Say (Saved as: Jessi Colter - You Mean to Say.flac)
[SUCCESS] The Highwaymen - American Remains (Saved as: The_Highwaymen,Willie_Nelson,Johnny_Cash,Waylon_Jennings,Kris_Kr.flac)
[SUCCESS] The Highwaymen - Sunday Morning Coming Down (Live) (Saved as: The Highwaymen - Sunday Morning Coming Down (Live).flac)
[SUCCESS] Los Crasher - When I Miss You (Nobody Knows) (Saved as: Los Crasher - When I Miss You(nobody knows) - Live.mp3)
[SUCCESS] Tompall Glaser and Band - Put Another Log on the Fire (Saved as: Tompall Glaser and Band - Put Another Log on the Fire.mp3)
[SUCCESS] Lucinda Williams - Lucinda Williams (Track 1) (Saved as: Lucinda Williams - Are You Alright.flac)
[SUCCESS] Lucinda Williams - Abandoned (Saved as: Lucinda Williams - Abandoned.flac)
[SUCCESS] Lucinda Williams - The Night's Too Long (Saved as: Lucinda Williams - Are You Alright (1).flac)
[SUCCESS] Lucinda Williams - I Just Wanted to See You so Bad (Saved as: Lucinda Williams - Are You Alright (2).flac)
[SUCCESS] Lucinda Williams - Passionate Kisses (Saved as: Lucinda Williams - Passionate Kisses.flac)
[SUCCESS] Lucinda Williams - We've Come Too Far To Turn Around (Saved as: Charles_Lloyd_The_Marvels,Lucinda_Williams_We_ve_Come_Too_Fa.flac)
[SUCCESS] Lucinda Williams - The World's Gone Wrong (feat. Brittney Spencer) (Saved as: Lucinda Williams - Are You Alright (3).flac)
[SUCCESS] Lucinda Williams - Born To Be Loved (Saved as: Lucinda Williams - Born To Be Loved.flac)
[SUCCESS] Lucinda Williams - Right In Time (Saved as: Lucinda Williams - Right In Time.flac)
[FAILED] Lucinda Williams - Still I Long For Your Kiss (Timeout: Bot did not respond with media)
[SUCCESS] Lucinda Williams - Metal Firecracker (Saved as: Lucinda Williams - Are You Alright (4).flac)
[FAILED] Lucinda Williams - Lake Charles (Timeout: Bot did not respond with media)
[FAILED] Lucinda Williams - Price to Pay (Timeout: Bot did not respond with media)
[SUCCESS] Lucinda Williams - Side of the Road (Saved as: Lucinda Williams - Side of the Road.flac)
[SUCCESS] Lucinda Williams - Crescent City (Saved as: Lucinda Williams - Crescent City.flac)
[SUCCESS] Lucinda Williams - Am I Too Blue (Saved as: Lucinda Williams - Are You Alright (5).flac)
[SUCCESS] Lucinda Williams - Like a Rose (Saved as: Lucinda Williams - Are You Alright (6).flac)
[SUCCESS] Lucinda Williams - Big Red Sun Blues (Saved as: Lucinda Williams - Are You Alright (7).flac)
[FAILED] Guy Clark - A Nickel for the Fiddler (Timeout: Bot did not respond with media)
[FAILED] Guy Clark - She Ain't Goin' Nowhere (Timeout: Bot did not respond with media)
[FAILED] Guy Clark - Must Be My Baby (Timeout: Bot did not respond with media)
[SUCCESS] Guy Clark - L.A. Freeway (Saved as: Guy Clark - L.A. Freeway.flac)
[FAILED] Steve Earle - Bad Girls (Timeout: Bot did not respond with media)
[FAILED] Steve Earle - Guitar Town (Timeout: Bot did not respond with media)
[SUCCESS] Garrett Boys - Back Home (Saved as: Garrett Boys,Steve Earle - Back Home.flac)
[SUCCESS] The Byrds - Reputation (Saved as: The Byrds - Reputation.flac)
[FAILED] The Byrds - All I Have Are Memories (Timeout: Bot did not respond with media)
[FAILED] The Byrds - Life in Prison (Timeout: Bot did not respond with media)
[FAILED] The Byrds - One Hundred Years from Now (Timeout: Bot did not respond with media)
[SUCCESS] The Byrds - Pretty Boy Floyd (Saved as: The Byrds - Pretty Boy Floyd.flac)
[FAILED] The Byrds - You're Still On My Mind (Timeout: Bot did not respond with media)
[SUCCESS] The Byrds - The Christian Life (Saved as: The Byrds - The Christian Life.flac)
[SUCCESS] The Byrds - You Ain't Goin' Nowhere (Saved as: The Byrds - You Ain t Goin  Nowhere.flac)
[FAILED] Gram Parsons - Brass Buttons (Timeout: Bot did not respond with media)
[FAILED] Gram Parsons - I Can't Dance (Timeout: Bot did not respond with media)
[FAILED] Gram Parsons - Big Mouth Blues (Timeout: Bot did not respond with media)
[SUCCESS] Gram Parsons - How Much I've Lied (Saved as: Gram Parsons - How Much I ve Lied.flac)
[FAILED] Gram Parsons - Kiss The Children (Timeout: Bot did not respond with media)
[SUCCESS] Gram Parsons - The New Soft Shoe (Saved as: Gram Parsons - The New Soft Shoe.flac)
[SUCCESS] Gram Parsons - That's All It Took (Saved as: Gram Parsons - That s All It Took.flac)
[SUCCESS] Gram Parsons - Streets Of Baltimore (Saved as: Gram Parsons - Streets Of Baltimore (Live).flac)
[FAILED] Gram Parsons - A Song for You (Timeout: Bot did not respond with media)
[SUCCESS] Gram Parsons - We'll Sweep Out The Ashes In The Morning (Saved as: Gram Parsons - We ll Sweep Out The Ashes In The Morning.mp3)
[SUCCESS] Gram Parsons - Still Feeling Blue (Saved as: Gram Parsons - Still Feeling Blue.flac)
[SUCCESS] Gram Parsons - Six Days On The Road (Live) (Saved as: The_Fallen_Angels,Emmylou_Harris,Gram_Parsons_Six_Days_on_the.flac)
[SUCCESS] The Flying Burrito Brothers - Christine’s Tune (Saved as: The Flying Burrito Brothers - Just Can t Be.flac)
[SUCCESS] The Flying Burrito Brothers - Hippie Boy (Saved as: The Flying Burrito Brothers - Just Can t Be (1).flac)
[SUCCESS] The Flying Burrito Brothers - Do You Know How It Feels (Saved as: The Flying Burrito Brothers - Just Can t Be (2).flac)
[SUCCESS] The Flying Burrito Brothers - Hot Burrito #2 (Saved as: The Flying Burrito Brothers - Just Can t Be (3).flac)
[SUCCESS] The Flying Burrito Brothers - Juanita (Saved as: The Flying Burrito Brothers - Just Can t Be (4).flac)
[SUCCESS] The Flying Burrito Brothers - Wheels (Saved as: The Flying Burrito Brothers - Just Can t Be (5).flac)
[SUCCESS] The Flying Burrito Brothers - My Uncle (Saved as: The Flying Burrito Brothers - Just Can t Be (6).flac)
[SUCCESS] The Flying Burrito Brothers - Dark End Of The Street (Saved as: The Flying Burrito Brothers - Just Can t Be (7).flac)
[SUCCESS] The Flying Burrito Brothers - Sin City (Saved as: The Flying Burrito Brothers - Just Can t Be (8).flac)
[FAILED] The International Submarine Band - Do You Know How It Feels To Be Lonesome? (Timeout: Bot did not respond with media)
[SUCCESS] The International Submarine Band - I Still Miss Someone (Saved as: The_International_Contemporary_Dance_Ensemble_Young_and_Beauti.flac)
[SUCCESS] The International Submarine Band - Millers Cave (Saved as: The_International_Contemporary_Dance_Ensemble_Young_and_Beauti (1).flac)
[SUCCESS] The International Submarine Band - Folsom Prison Blues (Saved as: The_International_Contemporary_Dance_Ensemble_Young_and_Beauti (2).flac)
[FAILED] The International Submarine Band - A Satisfied Mind (Timeout: Bot did not respond with media)
[SUCCESS] The International Submarine Band - I Must Have Been Somebody Else You've Known (Saved as: The_International_Contemporary_Dance_Ensemble_Young_and_Beauti (3).flac)
[SUCCESS] The International Submarine Band - Blue Eyes (Saved as: The_International_Contemporary_Dance_Ensemble_Young_and_Beauti (4).flac)
[SUCCESS] Jackson C. Frank - My Name Is Carnival (Saved as: Jackson C. Frank - My Name Is Carnival.flac)
[SUCCESS] Ben Dickey - Way Out in the Cotton (Saved as: Ben Dickey - Way Out in the Cotton.flac)
[SUCCESS] Ben Dickey - Clay Pigeons (Saved as: Blaze Foley,Ben Dickey - Clay Pigeons.flac)
[SUCCESS] Blaze Foley - Big Cheeseburgers and Good French Fries (Saved as: Blaze_Foley,The_Beaver_Valley_Boys_Big_Cheeseburgers_and_Good.flac)
[SUCCESS] Blaze Foley - Clay Pigeons (Saved as: Blaze Foley - Clay Pigeons.flac)
[SUCCESS] HELL FREEZES OVER - Eternal March Of Valor (Saved as: Eagles - Hotel California (Live on MTV, 1994).flac)
[SUCCESS] HELL FREEZES OVER - THE KILLING FLOOR (Saved as: Eagles - Hotel California (Live on MTV, 1994) (1).flac)
[SUCCESS] HELL FREEZES OVER - SHRED (Saved as: Eagles - Hotel California (Live on MTV, 1994) (2).flac)
[SUCCESS] Amon Amarth - Twilight Of The Thunder God (Saved as: Amon Amarth - Twilight Of The Thunder God.flac)
[FAILED] Amon Amarth - Deceiver of the Gods (Timeout: Bot did not respond with media)
[SUCCESS] Amon Amarth - Embrace The Endless Ocean (Saved as: Amon Amarth - Embrace The Endless Ocean.flac)
[SUCCESS] Amon Amarth - Live For The Kill (Saved as: Amon Amarth - Live For The Kill.mp3)
[FAILED] Amon Amarth - Varyags Of Miklagaard (Timeout: Bot did not respond with media)
[SUCCESS] Amon Amarth - Guardians Of Asgaard (Saved as: Amon Amarth - Guardians Of Asgaard.mp3)
[SUCCESS] Amon Amarth - Free Will Sacrifice (Saved as: Amon Amarth - Free Will Sacrifice.flac)
[SUCCESS] Amon Amarth - On a Sea of Blood (Saved as: Amon Amarth - On a Sea of Blood.flac)
[FAILED] Amon Amarth - Wanderer (Timeout: Bot did not respond with media)
[FAILED] Amon Amarth - First Kill (Timeout: Bot did not respond with media)
[FAILED] Amon Amarth - Warriors of the North (Timeout: Bot did not respond with media)
[SUCCESS] Amon Amarth - Coming of the Tide (Saved as: Amon Amarth - Coming of the Tide.flac)
[SUCCESS] Amon Amarth - Hel (Saved as: Amon Amarth - Hel.flac)
[FAILED] Amon Amarth - We Shall Destroy (Timeout: Bot did not respond with media)
[FAILED] Amon Amarth - Blood Eagle (Timeout: Bot did not respond with media)
[FAILED] Amon Amarth - Under Siege (Timeout: Bot did not respond with media)
[FAILED] Amon Amarth - Shape Shifter (Timeout: Bot did not respond with media)
[SUCCESS] Amon Amarth - Father of the Wolf (Saved as: Amon Amarth - Father of the Wolf.flac)
[SUCCESS] Amon Amarth - As Loke Falls (Saved as: Amon Amarth - As Loke Falls.flac)
[FAILED] Amon Amarth - ...And Soon the World Will Cease to Be (Timeout: Bot did not respond with media)
[FAILED] Amon Amarth - Bloodshed (Timeout: Bot did not respond with media)
[SUCCESS] Amon Amarth - Thousand Years of Oppression (Saved as: Amon Amarth - Thousand Years of Oppression.flac)
[SUCCESS] Amon Amarth - Down the Slopes of Death (Saved as: Amon Amarth - Down the Slopes of Death.flac)
[SUCCESS] Amon Amarth - Across the Rainbow Bridge (Saved as: Amon Amarth - Across the Rainbow Bridge.flac)
[FAILED] Amon Amarth - Versus the World (Timeout: Bot did not respond with media)
[SUCCESS] Amon Amarth - Where Silent Gods Stand Guard (Saved as: Amon Amarth - Where Silent Gods Stand Guard.flac)
[SUCCESS] Amon Amarth - Death in Fire (Saved as: FINNEAS_A_Little_Closer_From_The_Dear_Evan_Hansen_Original.flac)
[SUCCESS] Amon Amarth - Back on Northern Shores (Saved as: Amon Amarth - Back on Northern Shores.flac)
[SUCCESS] Amon Amarth - A Dream That Cannot Be (Saved as: Amon Amarth - A Dream That Cannot Be.flac)
[SUCCESS] Amon Amarth - Vengeance Is My Name (Saved as: Amon Amarth - Vengeance Is My Name.flac)
[SUCCESS] Amon Amarth - One Thousand Burning Arrows (Saved as: Amon Amarth - One Thousand Burning Arrows.flac)
[SUCCESS] Amon Amarth - The Way of Vikings (Saved as: Amon Amarth - The Way of Vikings.mp3)
[FAILED] Amon Amarth - Raise Your Horns (Timeout: Bot did not respond with media)
[SUCCESS] Amon Amarth - Sabbath Bloody Sabbath (Saved as: Amon Amarth - Sabbath Bloody Sabbath.flac)
[SUCCESS] Amon Amarth - Without Fear (Saved as: Amon Amarth - Without Fear.flac)
[SUCCESS] Amon Amarth - Once Sealed in Blood (Saved as: Amon Amarth - Once Sealed in Blood.flac)
[SUCCESS] Amon Amarth - Arson (Saved as: Amon Amarth - Arson.flac)
[SUCCESS] Amon Amarth - The Beheading of a King (Saved as: Amon Amarth - The Beheading of a King.flac)
[SUCCESS] Amon Amarth - Valkyries Ride (Saved as: Amon Amarth - Valkyries Ride.flac)
[SUCCESS] Amon Amarth - The Pursuit of Vikings (Saved as: Amon Amarth - The Pursuit Of Vikings.mp3)
[SUCCESS] Amon Amarth - Fate of Norns (Saved as: Amon Amarth - Fate Of Norns.flac)
[SUCCESS] Amon Amarth - Where Death Seems to Dwell (Saved as: Amon Amarth - Where Death Seems to Dwell.flac)
[FAILED] Amon Amarth - An Ancient Sign of Coming Storm (Timeout: Bot did not respond with media)
[SUCCESS] Amon Amarth - The Mighty Doors of the Speargod's Hall (Saved as: Amon Amarth - The Mighty Doors of the Speargod s Hall.flac)
[SUCCESS] Amon Amarth - Burning Creation (Saved as: Amon Amarth - Burning Creation.flac)
[SUCCESS] Amon Amarth - Sorrow Throughout the Nine Worlds (Saved as: Amon Amarth - Sorrow Throughout the Nine Worlds.flac)
[SUCCESS] Amon Amarth - Siegreicher Marsch (Victorious March) (Saved as: Amon Amarth - Siegreicher Marsch (Victorious March).flac)
[SUCCESS] Blind Guardian - Imaginations from the Other Side (Saved as: Blind Guardian - Imaginations from the Other Side.flac)
[SUCCESS] Blind Guardian - A Past and Future Secret (Saved as: Blind Guardian - A Past and Future Secret.flac)
[SUCCESS] Blind Guardian - Journey Through the Dark (Saved as: Blind Guardian - Journey Through the Dark.mp3)
[SUCCESS] Blind Guardian - Theatre of Pain (Saved as: Blind Guardian - Theatre of Pain (Revisited).flac)
[SUCCESS] Blind Guardian - Spread Your Wings (Saved as: Blind Guardian - Spread Your Wings.flac)
[SUCCESS] Blind Guardian - The Bard's Song - The Hobbit (Saved as: Blind Guardian - The Bard s Song - The Hobbit (Revisited).flac)
[SUCCESS] Blind Guardian - The Bard's Song (In the Forest) (Saved as: Blind Guardian - The Bard s Song - In the Forest.flac)
[SUCCESS] Blind Guardian - Ashes to Ashes (Saved as: Blind Guardian - Ashes to Ashes (Revisited).flac)
[SUCCESS] Blind Guardian - Time What Is Time (Saved as: Blind Guardian - Time What is Time (Revisited).flac)
[SUCCESS] Blind Guardian - Moisson De Peine (Saved as: Blind Guardian - Moisson De Peine.flac)
[SUCCESS] Blind Guardian - Mirror Mirror (Saved as: Blind Guardian - Mirror Mirror.flac)
[SUCCESS] Blind Guardian - Lord of the Rings (Saved as: Blind Guardian - Lord of the Rings.flac)
[SUCCESS] Blind Guardian - Nightfall (Saved as: Blind Guardian - Nightfall (Remastered).flac)
[SUCCESS] Blind Guardian - Noldor (Dead Winter Reigns) (Saved as: Blind Guardian - Noldor (Dead Winter Reigns) (Remastered).flac)
[SUCCESS] Blind Guardian - Blood Tears (Saved as: Blind Guardian - Blood Tears (Remastered).flac)
[FAILED] Blind Guardian - The Curse of Feanor (Timeout: Bot did not respond with media)
[SUCCESS] Blind Guardian - The Minstrel (Saved as: Blind Guardian - The Minstrel (Remastered).flac)
[FAILED] Blind Guardian - Into the Storm (Timeout: Bot did not respond with media)
[SUCCESS] Blind Guardian - The Script for My Requiem (Saved as: Blind Guardian - The Script For My Requiem.mp3)
[FAILED] Blind Guardian - And the Story Ends (Timeout: Bot did not respond with media)
[SUCCESS] Blind Guardian - Another Holy War (Saved as: Blind Guardian - Another Holy War.flac)
[SUCCESS] Blind Guardian - Mordred's Song (Saved as: Blind Guardian - Mordred s Song.flac)
[SUCCESS] Blind Guardian - Trial by the Archon (Saved as: Blind_Guardian_Trial_by_the_Archon_Demo,_Remastered_2017.flac)
[SUCCESS] Blind Guardian - Majesty (Saved as: Blind Guardian - Majesty.flac)
[SUCCESS] Blind Guardian - Harvest of Sorrow (Saved as: Blind Guardian - Harvest Of Sorrow.flac)
[SUCCESS] Blind Guardian - A Dark Passage (Saved as: Blind Guardian - A Dark Passage (Remastered).flac)
[SUCCESS] Blind Guardian - Out on the Water (Saved as: Blind Guardian - Out On The Water (Remastered).flac)
[SUCCESS] Blind Guardian - When Sorrow Sang (Saved as: Blind Guardian - When Sorrow Sang (Remastered).flac)
[SUCCESS] Blind Guardian - Thorn (Saved as: Blind Guardian - Thorn (Remastered).flac)
[SUCCESS] Blind Guardian - Time Stands Still (At the Iron Hill) (Saved as: Blind_Guardian_Time_Stands_Still_At_The_Iron_Hill_Remastere.flac)
[SUCCESS] Blind Guardian - Dark Cloud's Rising (Saved as: Blind Guardian - Dark Cloud s Rising.flac)
[SUCCESS] LOUDNESS - LIKE HELL (Saved as: LOUDNESS - LIKE HELL.flac)
[SUCCESS] LOUDNESS - THE DANGER ZONE (Saved as: LOUDNESS - THE DANGER ZONE.mp3)
[SUCCESS] LOUDNESS - THE ETERNAL SOLDIERS (Saved as: LOUDNESS - THE ETERNAL SOLDIERS.mp3)
[SUCCESS] Robert Cray - I Shiver (Saved as: Robert Cray - I Shiver.flac)
[SUCCESS] Robert Cray - Playin' In the Dirt (Saved as: Robert Cray - Playin  In The Dirt.mp3)
[SUCCESS] Robert Cray - I Wonder (Saved as: Robert Cray - I Wonder.flac)
[SUCCESS] Robert Cray - Don't Be Afraid of the Dark (Saved as: Robert Cray - Don t Be Afraid of the Dark.flac)
[SUCCESS] Robert Cray - Smoking Gun (Saved as: Robert Cray - Smoking Gun.flac)
[SUCCESS] Robert Cray - Right Next Door (Because Of Me) (Saved as: Robert Cray - Right Next Door (Because Of Me).flac)
[SUCCESS] Robert Cray - Sadder Days (Saved as: Robert Cray,The Robert Cray Band - Sadder Days.flac)
[SUCCESS] Robert Cray - (Won't Be) Coming Home (Saved as: Robert Cray,The Robert Cray Band - (Won t Be) Coming Home.flac)
[SUCCESS] Robert Cray - Blues Get Off My Shoulder (Saved as: Robert_Cray,The_Robert_Cray_Band_Blues_Get_Off_My_Shoulder.flac)
[SUCCESS] Robert Cray - Times Makes Two (Saved as: Robert Cray - Times Makes Two.flac)
[SUCCESS] Robert Cray - I'm Done Cryin' (Saved as: Robert Cray,The Robert Cray Band - I m Done Cryin.flac)
[SUCCESS] Robert Cray - Remain Silent (Saved as: Robert Cray,The Robert Cray Band - Sadder Days (1).flac)
[SUCCESS] Robert Cray - Poor Johnny (Saved as: Robert Cray - Poor Johnny.flac)
[SKIPPED] Robert Cray - WON'T BE COMING HOME (File already exists in TMDownload)
[SKIPPED] Robert Cray - Smoking Gun (Sped Up) (File already exists in TMDownload)
[SUCCESS] Robert Cray - I Was Warned (Saved as: Robert Cray - I Was Warned.flac)
[SUCCESS] Robert Cray - Who's Been Talking? (Saved as: Robert Cray - Who s Been Talking.flac)
[SUCCESS] Robert Cray - Bad Influence (Saved as: Robert Cray - Bad Influence.mp3)
[SUCCESS] Robert Cray - Some Pain, Some Shame (Saved as: Robert Cray - Some Pain, Some Shame.flac)
[SUCCESS] Robert Cray - Bouncin' Back (Saved as: Robert Cray,The Memphis Horns - Bouncin  Back.flac)
[SUCCESS] Robert Cray - Back Home (Saved as: Robert Cray - Back Home.flac)
[SUCCESS] Robert Cray - You're Everything (Saved as: Robert Cray,The Robert Cray Band - You re Everything.flac)
[SUCCESS] Robert Cray - Survivor (Saved as: Robert Cray - Survivor.flac)
[SUCCESS] Robert Cray - A Memo (Saved as: Robert Cray,The Robert Cray Band - A Memo.flac)
[SUCCESS] Robert Cray - Phone Booth (Saved as: Robert Cray - Phone Booth.mp3)
[SUCCESS] Robert Cray - Worry (Saved as: Robert Cray,The Robert Cray Band - Worry.flac)
[SUCCESS] Robert Cray - Foul Play (Saved as: Robert Cray,The Robert Cray Band - Foul Play (Live).flac)
[SUCCESS] Robert Cray - Laugh Out Loud (Saved as: Robert Cray - Laugh Out Loud.mp3)
[SUCCESS] Robert Cray - At Last (Saved as: Robert Cray - At Last.mp3)
[SUCCESS] Robert Cray - Across the Line (Saved as: Robert Cray - Across the Line.flac)
[SUCCESS] Robert Cray - Acting This Way (Saved as: Robert Cray - Acting This Way.mp3)
[SUCCESS] Robert Cray - Night Patrol (Saved as: Robert Cray - Night Patrol.mp3)
[SUCCESS] Robert Cray - I Can't Go Home (Saved as: Robert Cray - I Can t Go Home (Live 1992).flac)
[SUCCESS] Robert Cray - Your Secret's Safe With Me (Saved as: Robert Cray - Your Secret s Safe With Me.mp3)
[SUCCESS] Robert Cray - Holdin' Court (Saved as: Robert Cray,The Memphis Horns - Holdin  Court.flac)
[SUCCESS] Robert Cray - Move A Mountain (Saved as: Robert Cray,The Memphis Horns - Move A Mountain.flac)
[SUCCESS] Robert Cray - Consequences (Saved as: Robert Cray,The Memphis Horns - Consequences.flac)
[SUCCESS] Robert Cray - New Blood (Saved as: Robert Cray - New Blood.flac)
[SUCCESS] Robert Cray - Fantasized (Saved as: Robert Cray - Fantasized.flac)
[SUCCESS] Robert Cray - More Than I Can Stand (Saved as: Robert Cray - More Than I Can Stand.flac)
[SUCCESS] Robert Cray - Still Around (Saved as: Robert Cray - Still Around.flac)
[SUCCESS] Robert Cray - The Forecast (Calls For Pain) (Saved as: Robert_Cray,The_Memphis_Horns_The_Forecast_Calls_For_Pain.flac)
[SUCCESS] Robert Cray - I Guess I Showed Her (Saved as: Robert Cray - I Guess I Showed Her.flac)
[SUCCESS] Robert Cray - I Know You Will (Saved as: Robert Cray - I Know You Will.flac)
[SUCCESS] Robert Cray - GREAT BIG OLD HOUSE (Saved as: Robert Cray - Great Big Old House.flac)
[SUCCESS] Robert Cray - FIX THIS (Saved as: Robert Cray,The Robert Cray Band - Fix This.flac)
[FAILED] Robert Cray - Let's Have A Natural Ball (Timeout: Bot did not respond with media)
[FAILED] Robert Cray - False Accusations (Timeout: Bot did not respond with media)
[SUCCESS] Robert Cray - SIDE DISH (Saved as: Robert Cray,The Robert Cray Band - Side Dish.flac)
[SUCCESS] Robert Cray - I'LL ALWAYS REMEMBER YOU (Saved as: Robert Cray,The Robert Cray Band - I ll Always Remember You.flac)
[SUCCESS] Robert Cray - Nice As A Fool Can Be (Saved as: Robert Cray - Nice as a Fool Can Be.flac)
[SUCCESS] Robert Cray - Sleeping In The Ground (Saved as: Robert Cray - Sleeping in the Ground.flac)
[SUCCESS] Robert Cray - I'd Rather Be A Wino (Saved as: Robert Cray - I d Rather Be A Wino.flac)
[SUCCESS] Robert Cray - That's What I'll Do (Saved as: Robert Cray - That s What I ll Do.flac)
[SUCCESS] Robert Cray - The Welfare Turns Its Back On You (Saved as: Robert Cray - The Welfare (Turns Its Back on You).flac)
[SUCCESS] Robert Cray - The Score (Saved as: Robert Cray - The Score.flac)
[SUCCESS] Robert Cray - Too Many Cooks (Saved as: Robert Cray - Too Many Cooks.flac)
[SUCCESS] Robert Cray - Distant Shore (Saved as: Robert Cray - Distant Shore.flac)
[SUCCESS] Robert Cray - Lotta Lovin' (Saved as: Robert Cray - Lotta Lovin.flac)
[SUCCESS] Robert Cray - Your Pal (Saved as: Robert Cray - Your Pal.flac)
[SUCCESS] Robert Cray - I Didn't Know (Saved as: Robert Cray - I Didn t Know.flac)
[SUCCESS] Robert Cray - Back Door Slam (Saved as: Robert Cray - Back Door Slam.flac)
[SUCCESS] Robert Cray - Love Gone To Waste (Saved as: Robert Cray - Love Gone to Waste.flac)
[SUCCESS] Robert Cray - What Would You Say (Saved as: Robert Cray,The Robert Cray Band - What Would You Say.flac)
[SUCCESS] Robert Cray - I Guess I'll Never Know (Saved as: Robert Cray,The Robert Cray Band - I Guess I ll Never Know.flac)
[SUCCESS] Robert Cray - You Move Me (Saved as: Robert Cray,The Robert Cray Band - You Move Me.flac)
[SUCCESS] Robert Cray - I Can't Fail (Saved as: Robert Cray - I Can t Fail.flac)
[SUCCESS] Robert Cray - Whole Lotta Love (Saved as: Robert Cray - Whole Lotta Love (Live).flac)
[SUCCESS] Robert Cray - Chicken In The Kitchen (Saved as: Robert Cray - Chicken in the Kitchen (Live).flac)
[SUCCESS] Robert Cray - Love 2009 (Saved as: Robert Cray - Love 2009 (Live).flac)
[SUCCESS] Robert Cray - Anytime (Saved as: Robert Cray - Anytime.flac)
[SUCCESS] Robert Cray - Our Last Time (Saved as: Robert Cray - Our Last Time.flac)
[SUCCESS] Robert Cray - Forever Goodbye (Saved as: Robert Cray - Forever Goodbye.mp3)
[SUCCESS] Robert Cray - To Be True (Saved as: Robert Cray - To Be True.mp3)
[SUCCESS] Robert Cray - This Time (Saved as: Robert Cray - This Time.mp3)
[SUCCESS] Robert Cray - If You're Thinkin' What I'm Thinkin' (Saved as: Robert Cray - If You re Thinkin  What I m Thinkin.flac)
[SUCCESS] Robert Cray - A Little Less Lonely (Saved as: Robert Cray - A Little Less Lonely.flac)
[SUCCESS] Robert Cray - To Be with You (Saved as: Robert Cray - To Be with You.flac)
[SUCCESS] Robert Cray - Promises You Can't Keep (Saved as: Robert Cray - Promises You Can t Keep.flac)
[SUCCESS] Robert Cray - Anything You Want (Saved as: Robert Cray - Anything You Want.flac)
[SUCCESS] Robert Cray - Pillow (Saved as: Robert Cray - Pillow.flac)
[SUCCESS] Keb' Mo' - That's Alright (Saved as: Keb  Mo  - That s Alright.flac)
[SUCCESS] Keb' Mo' - I'm Gonna Be Your Man (Saved as: Keb  Mo  - I m Gonna Be Your Man.flac)
[SUCCESS] Keb' Mo' - The Worst Is yet to Come (Saved as: Keb  Mo  - The Worst Is yet to Come.mp3)
[SUCCESS] Keb' Mo' - '62 Chevy (Saved as: Keb  Mo  -  62 Chevy.flac)
[SUCCESS] Keb' Mo' - The Itch (Saved as: Keb  Mo  - The Itch.mp3)
[SUCCESS] Keb' Mo' - Move (Saved as: Keb  Mo  - Move.flac)
[SUCCESS] Keb' Mo' - I Remember You (Saved as: Keb  Mo  - I Remember You.mp3)
[SUCCESS] エレファントカシマシ (Elephant Kashimashi) - 友達がいるのさ (Saved as: エレファントカシマシ - 友達がいるのさ.flac)
[SUCCESS] エレファントカシマシ - 悲しみの果て (Saved as: エレファントカシマシ - 悲しみの果て.flac)
[SUCCESS] エレファントカシマシ - 风と共に (Saved as: エレファントカシマシ - 風と共に.flac)
[SUCCESS] エレファントカシマシ - 俺たちの明日 (Saved as: エレファントカシマシ - 俺たちの明日.flac)
[SUCCESS] エレファントカシマシ - 今宵の月のように (Saved as: エレファントカシマシ - 今宵の月のように.flac)
[SUCCESS] エレファントカシマシ - 桜の花、舞い上がる道を (Saved as: エレファントカシマシ_桜の花_舞い上がる道を.flac)
[SUCCESS] エレファントカシマシ - 翳りゆく部屋 (Saved as: エレファントカシマシ - 翳りゆく部屋.flac)
[SKIPPED] エレファントカシマシ - リッスントゥザミュージック (File already exists in TMDownload)
[FAILED] エレファントカシマシ - 笑顔の未来へ (Timeout: Bot did not respond with media)
[SKIPPED] エレファントカシマシ - RAINBOW (File already exists in TMDownload)
[SUCCESS] エレファントカシマシ - Destiny (Saved as: エレファントカシマシ - Destiny.flac)
[SUCCESS] エレファントカシマシ - 大地のシンフォニー (Saved as: エレファントカシマシ_大地のシンフォニー.flac)
[SUCCESS] エレファントカシマシ - 歴史 (Saved as: エレファントカシマシ - 歴史.flac)
[SUCCESS] エレファントカシマシ - 暑中見舞-憂鬱な午後- (Saved as: エレファントカシマシ_暑中见舞い_忧郁な午后_.mp3)
[SUCCESS] エレファントカシマシ - 夢を追う旅人 (Saved as: エレファントカシマシ - 夢を追う旅人.flac)
[FAILED] エレファントカシマシ - ズレてる方がいい (Timeout: Bot did not respond with media)
[SUCCESS] エレファントカシマシ - 新しい季節へキミと (Saved as: エレファントカシマシ_新しい季節へキミと.flac)
[SKIPPED] エレファントカシマシ - ハナウタ (File already exists in TMDownload)
[FAILED] エレファントカシマシ - せいのど飛び出せ! (Timeout: Bot did not respond with media)
[FAILED] エレファントカシマシ - 昔の侍 (Timeout: Bot did not respond with media)
[FAILED] エレファントカシマシ - ふたりの冬 (Timeout: Bot did not respond with media)
[FAILED] エレファントカシマシ - 风に吹かれて (Timeout: Bot did not respond with media)
[FAILED] エレファントカシマシ - OH YEAH! (Timeout: Bot did not respond with media)
[FAILED] エレファントカシマシ - Baby自転車 (Timeout: Bot did not respond with media)
[SUCCESS] エレファントカシマシ - 流されてゆこう (Saved as: エレファントカシマシ - 流されてゆこう.flac)
[SKIPPED] エレファントカシマシ - うれしけりゃとんでゆけよ (File already exists in TMDownload)
[FAILED] エレファントカシマシ - 愛の日々 (Timeout: Bot did not respond with media)
[SUCCESS] エレファントカシマシ - 四月の風 (Saved as: エレファントカシマシ - 四月の風.flac)
[FAILED] エレファントカシマシ - おまえと突っ走る (Timeout: Bot did not respond with media)
[FAILED] エレファントカシマシ - 孤独な旅人 (Timeout: Bot did not respond with media)
[SUCCESS] The Birthday - さよなら最終兵器 (Saved as: 10-FEET - 第ゼロ感 (Movie Ver.).flac)
[SUCCESS] The Birthday - 息もできない (Saved as: The Birthday - 息もできない.mp3)
[SKIPPED] The Birthday - サンバースト (File already exists in TMDownload)
[SUCCESS] The Birthday - 涙がこぼれそう (Saved as: The Birthday - 涙がこぼれそう.flac)
[SUCCESS] The Birthday - ジェリーの夢 (Saved as: The Birthday - ジェリーの夢.flac)
[SUCCESS] The Birthday - 誰かが (Saved as: The Birthday - 誰かが.flac)
[SUCCESS] The Birthday - LOVERS (Saved as: The Birthday - LOVERS.flac)
[SKIPPED] The Birthday - プレスファクトリー (File already exists in TMDownload)
[SUCCESS] The Birthday - 星に願いを (Saved as: The Birthday - 星に願いを.flac)
[SUCCESS] The Birthday - ALRIGHT (Saved as: The Birthday - ALRIGHT.flac)
[SUCCESS] Sunny Day Service - 知らない街にふたりぼっち (Saved as: Sunny Day Service - セツナ.flac)
[SUCCESS] Sunny Day Service - 週末 (Saved as: Sunny Day Service - セツナ (1).flac)
[SUCCESS] Mass Of The Fermenting Dregs - 青い、濃い、橙の日 (Saved as: MASS OF THE FERMENTING DREGS - 青い 濃い 橙色の日.flac)
[SUCCESS] 人間椅子 (Ningen Isu) - 未来からの脱出 (Saved as: 人間椅子 - 未来からの脱出.flac)
[FAILED] 人间椅子 - 木木からの脱出 (注：应为同一首或关联曲目) (Timeout: Bot did not respond with media)
[SUCCESS] eastern youth - 踵鳴る (Saved as: eastern youth - 踵鳴る.flac)
[SUCCESS] eastern youth - 夜明けの歌 (Saved as: eastern youth - 夜明けの歌.flac)
[SUCCESS] SUPERCAR - cream soda (Saved as: SUPERCAR - cream soda.flac)
[SUCCESS] SUPERCAR - Lucky (Saved as: SUPERCAR - Lucky.flac)
[SUCCESS] EGO-WRAPPIN' - 色彩のブルース (Saved as: EGO-WRAPPIN  - 色彩のブルース.flac)
[SUCCESS] Blankey Jet City - 水色 (Saved as: Blankey Jet City - 水色.flac)
[SUCCESS] Howard Shore - Concerning Hobbits (Saved as: Howard Shore - Concerning Hobbits.flac)
[SUCCESS] Howard Shore - The Shire (Saved as: Howard Shore - The Shire.flac)
[SUCCESS] Mother Love Bone - Holy Roller (Saved as: Mother Love Bone - Holy Roller.flac)
[SUCCESS] Temple of the Dog - Hunger Strike (Saved as: Temple of the Dog - Hunger Strike.flac)
[SUCCESS] Tim Buckley - Once I Was (Saved as: Tim Buckley - Once I Was.flac)
[SUCCESS] The Cure - Boys Don't Cry (Saved as: The Cure - Boys Don t Cry.flac)
[SUCCESS] Kiss an Angel Good Morning - Charley Pride (Saved as: Xochi Krausse - Kiss An Angel Good Mornin.flac)
[SUCCESS] All I Have to Offer You Is Me - Charley Pride (Saved as: Charley Pride - All I Have to Offer You (Is Me).flac)
[SUCCESS] Is Anybody Goin' to San Antone - Charley Pride (Saved as: Charley Pride - Is Anybody Goin  to San Antone.flac)
[SUCCESS] Afraid - Ted Hawkins (Saved as: Ted Hawkins - Afraid.flac)
[SUCCESS] Ain't No Sunshine - Bill Withers (Saved as: Bill Withers - Ain t No Sunshine.mp3)
[SUCCESS] Alternative Ulster - Stiff Little Fingers (Saved as: Stiff Little Fingers - Alternative Ulster.flac)
[SUCCESS] America The Ugly - Tom T. Hall (Saved as: She-Uno - America the Ugly.flac)
[SUCCESS] Announcement (Live) - Townes Van Zandt (Saved as: Townes Van Zandt - Announcement (Live).flac)
[SUCCESS] Done It This Way - Waylon Jennings (Saved as: Waylon Jennings - Are You Sure Hank Done It This Way (4).flac)
[SUCCESS] Backbone - Gojira (Saved as: Gojira - Backbone.flac)
[SUCCESS] Baggy Trousers - Madness (Saved as: Madness - Baggy Trousers.flac)
[SUCCESS] Banned in D.C. - Bad Brains (Saved as: Bad Brains - Banned in D.C.flac)
[SUCCESS] Be Here to Love Me - Townes Van Zandt (Saved as: Townes Van Zandt - Be Here To Love Me.flac)
[SUCCESS] Being Alone - Aliotta Haynes Jeremiah (Saved as: Aliotta Haynes Jeremiah - Being Alone.flac)
[SUCCESS] Big Country Blues - Townes Van Zandt (Saved as: Townes Van Zandt - Big Country Blues.flac)
[SUCCESS] Big Take Over - Bad Brains (Saved as: Bad Brains - Big Takeover (1991 Digital Remaster).flac)
[SUCCESS] Black Crow Blues - Townes Van Zandt (Saved as: Townes Van Zandt - Black Crow Blues (Live).flac)
[SUCCESS] Blowin' in the Wind - Bob Dylan (Saved as: Bob Dylan - Blowin  in the Wind.flac)
[SUCCESS] Buckskin Stallion Blues - Townes Van Zandt (Saved as: Townes Van Zandt - Buckskin Stallion Blues.flac)
[SUCCESS] Can't Slow Down - Joe Satriani (Saved as: AllttA - Can t Slow Down.flac)
[SUCCESS] Circles - Joe Satriani (Saved as: Joe Satriani - Circles.flac)
[SUCCESS] Colorado Girl - Townes Van Zandt (Saved as: Townes Van Zandt - Colorado Girl.flac)
[SUCCESS] Colours (Single Version) - Donovan (Saved as: Donovan - Colours (Single Version).flac)
[SUCCESS] Columbine - Townes Van Zandt (Saved as: Townes Van Zandt - Columbine.flac)
[SUCCESS] Concrete Jungle (2002 Remaster) - The Specials (Saved as: The Specials - Concrete Jungle (2002 Remaster).flac)
[SUCCESS] Country Is - Tom T. Hall (Saved as: Various_Artists_Country_Is_Instrumental_version_originally_pe.flac)
[SUCCESS] Cowpoke - Colter Wall (Saved as: Colter Wall - Cowpoke.flac)
[SUCCESS] Crazy Train - Ozzy Osbourne (Saved as: Ozzy Osbourne - Crazy Train.flac)
[SUCCESS] Crushing Day - Joe Satriani (Saved as: Joe Satriani - Crushing Day.flac)
[SUCCESS] Cryin' - Joe Satriani (Saved as: Joe Satriani - Cryin.flac)
[SUCCESS] Deal (Single Version) - Tom T. Hall (Saved as: Tom T. Hall - Deal (Single Version).flac)
[SUCCESS] Do the Dog (2002 Remaster) - The Specials (Saved as: The Specials - Do the Dog (2002 Remaster).flac)
[SUCCESS] Doesn't Make It Alright - Stiff Little Fingers (Saved as: DJ_Swingsett,Lisa_Shaw,J_Warrin_Doesn_t_Make_It_Right_feat_L.flac)
[SUCCESS] Doesn't Make It Alright (2002 Remaster) - The Specials (Saved as: The Specials - Doesn t Make It Alright (2002 Remaster).flac)
[SUCCESS] Don't Let the Sunshine Fool Ya' - Townes Van Zandt (Saved as: Townes Van Zandt - Don t Let the Sunshine Fool Ya.flac)
[SUCCESS] Don't Make Me Explain It - Ted Hawkins (Saved as: Tommy Tate - Don t Make Me Explain.flac)
[SUCCESS] Don't Take It Too Bad - Townes Van Zandt (Saved as: Townes Van Zandt - Don t Take It Too Bad.flac)
[SUCCESS] Down At The Mall (Single Version) - Tom T. Hall (Saved as: Tom T. Hall - Down At The Mall (Single Version).mp3)
[FAILED] That Mash And Talk That Trash - Lester Flatt (Timeout: Bot did not respond with media)
[SUCCESS] Lost Highway - Ernest Tubb (Saved as: Ernest Tubb - Lost Highway (Live).flac)
[SUCCESS] Everybody Wants To Rule The World - Andy Mckee (Saved as: Tears for Fears - Everybody Wants to Rule the World.flac)
[SUCCESS] Explosia - Gojira (Saved as: Gojira - Explosia.flac)
[SUCCESS] Fare Thee Well, Miss Carousel - Townes Van Zandt (Saved as: Townes Van Zandt - Fare Thee Well, Miss Carousel.flac)
[SUCCESS] Fly The Flag - Stiff Little Fingers (Saved as: Stiff Little Fingers - Fly The Flag.flac)
[SUCCESS] Flying in a Blue Dream - Joe Satriani (Saved as: Joe Satriani - Flying in a Blue Dream.mp3)
[SUCCESS] For Eddy - Aliotta Haynes Jeremiah (Saved as: Aliotta Haynes Jeremiah - For Eddy.flac)
[SUCCESS] For the Sake of the Song - Townes Van Zandt (Saved as: Townes Van Zandt - For The Sake Of The Song.flac)
[SUCCESS] Friend of the Devil - Grateful Dead (Saved as: Grateful Dead - Friend of the Devil (2015 Remaster).flac)
[SUCCESS] From The Sky - Gojira (Saved as: Gojira - From The Sky.flac)
[SUCCESS] When I'm Hungry - John Fahey (Saved as: Jin Lung - A long long time ago.flac)
[SUCCESS] Got to Get Home to You - Aliotta Haynes Jeremiah (Saved as: Skip_Haynes_Aliotta_Haynes_Jeremiah_Got_To_Get_Home_To_You.flac)
[SUCCESS] Gotta Getaway - Stiff Little Fingers (Saved as: Stiff Little Fingers - Gotta Getaway.flac)
[SUCCESS] Greensboro Woman - Townes Van Zandt (Saved as: Dean Wareham,Cheval Sombre - Greensboro Woman.flac)
[SUCCESS] Growin' Up - Bruce Springsteen (Saved as: Bruce Springsteen - Growin  Up (live).mp3)
[SUCCESS] Headless - Joe Satriani (Saved as: Joe Satriani - Headless.flac)
[SUCCESS] Heavenly Houseboat Blues - Townes Van Zandt (Saved as: Townes Van Zandt - Heavenly Houseboat Blues.flac)
[SUCCESS] Holiday in Cambodia - Dead Kennedys (Saved as: Dead Kennedys - Holiday in Cambodia.flac)
[SUCCESS] Holy Wars... The Punishment Due - Megadeth (Saved as: Megadeth - Holy Wars...The Punishment Due.mp3)
[SUCCESS] Hope - Descendents (Saved as: Descendents - Hope.flac)
[SUCCESS] House of the Rising Sun - The Animals (Saved as: The Animals - House Of The Rising Sun.flac)
[SUCCESS] I Against I - Bad Brains (Saved as: Bad Brains - I Against I.flac)
[SUCCESS] I Don't Like You - Stiff Little Fingers (Saved as: 家入レオ - I don t like you.flac)
[SUCCESS] I Hope It Rains At My Funeral - Tom T. Hall (Saved as: Whiskeytown - I Hope it Rains at my Funeral.flac)
[SUCCESS] Legend of Living (2019 - Remaster) - Hank Williams (Saved as: Hank Williams - I Just Don t Like This Kind of Living.flac)
[SUCCESS] I Miss A Lot Of Trains - Tom T. Hall (Saved as: United Truckers - I Miss a Lot of Trains.flac)
[SUCCESS] I Washed My Face In The Morning Dew (Single Version) - Tom T. Hall (Saved as: Rebekah Long - I Washed My Face in the Morning Dew.flac)
[SUCCESS] I'll Fly Away - Alison Krauss & Gillian Welch (Saved as: Gillian Welch,Alison Krauss - I ll Fly Away.flac)
[SUCCESS] I'm Leaving for Chicago - Aliotta Haynes Jeremiah (Saved as: Hjortur - I m Leaving For Chicago.flac)
[SUCCESS] Ice 9 - Joe Satriani (Saved as: Joe Satriani - Ice 9.flac)
[SUCCESS] If I Could Fly - Joe Satriani (Saved as: Joe Satriani - If I Could Fly.mp3)
[SUCCESS] If I Needed You - Townes Van Zandt (Saved as: Townes Van Zandt - If I Needed You.flac)
[SUCCESS] It Sure Can Get Cold in Des Moines - Tom T. Hall (Saved as: Victoria Williams - It Sure Can Get Cold in Des Moines.flac)
[SUCCESS] Kathleen - Townes Van Zandt (Saved as: Townes Van Zandt - Kathleen.flac)
[SUCCESS] L'enfant sauvage - Gojira (Saved as: Gojira - L Enfant Sauvage.mp3)
[SUCCESS] L.A. Blues - Tom T. Hall (Saved as: Tom T. Hall - L.A. Blues.flac)
[FAILED] La Roux - Aliotta Haynes Jeremiah (Timeout: Bot did not respond with media)
[SUCCESS] Leavin' Chicago A.M.F. - Aliotta Haynes Jeremiah (Saved as: Aliotta Haynes Jeremiah - Leavin  Chicago A.M.F.flac)
[FAILED] Lords of Karma - Joe Satriani (Timeout: Bot did not respond with media)
[FAILED] Love Thing - Joe Satriani (Timeout: Bot did not respond with media)
[FAILED] Lungs - Townes Van Zandt (Timeout: Bot did not respond with media)
[SUCCESS] Made of Tears - Joe Satriani (Saved as: Joe Satriani - Made of Tears.mp3)
[SUCCESS] Many a Fine Lady - Townes Van Zandt (Saved as: Townes Van Zandt - Many A Fine Lady.flac)
[FAILED] Me And Jesus - Tom T. Hall (Timeout: Bot did not respond with media)
[FAILED] Me and Jimmie Rodgers - Tom T. Hall (Timeout: Bot did not respond with media)
[FAILED] Midnight Plane to Nairobi - Aliotta Haynes Jeremiah (Timeout: Bot did not respond with media)
[FAILED] Money Talks - Aliotta Haynes Jeremiah (Timeout: Bot did not respond with media)
[SUCCESS] New Wave Blues - Blaze Foley (Saved as: Blaze Foley - New Wave Blues.flac)
[SUCCESS] Nite Klub (2002 Remaster) - The Specials (Saved as: The Specials - Nite Klub (2002 Remaster).flac)
[SUCCESS] No Lonesome Tune - Townes Van Zandt (Saved as: Townes Van Zandt - No Lonesome Tune.flac)
[SUCCESS] Nobody's Hero - Stiff Little Fingers (Saved as: Satanic Surfers - Nobody s Hero (Stiff Little Fingers).mp3)
[SUCCESS] None but the Rain - Townes Van Zandt (Saved as: Townes Van Zandt - None But The Rain.flac)
[SUCCESS] Nothin' - Townes Van Zandt (Saved as: Townes Van Zandt - Nothin.flac)
[FAILED] Old Dogs, Children and Watermelon Wine - Tom T. Hall (Timeout: Bot did not respond with media)
[SUCCESS] Old Five And Dimers Like Me - Tom T. Hall (Saved as: Valkyrion - Viking War.flac)
[SUCCESS] Old Habits Die Hard - Tom T. Hall (Saved as: Tom T.Hall - Old Habits Die Hard.flac)
[FAILED] On My Radio - The Selecter (Timeout: Bot did not respond with media)
[SUCCESS] One Step Beyond - Madness (Saved as: X-Ray Dog - One Step Beyond.flac)
[FAILED] Operator (That's Not The Way It Feels) - Jim Croce (Timeout: Bot did not respond with media)
[SUCCESS] Plastic Jesus - Tia Blake (Saved as: Tia Blake - Plastic Jesus.flac)
[FAILED] Police Truck - Dead Kennedys (Timeout: Bot did not respond with media)
[SUCCESS] Poncho & Lefty - Townes Van Zandt (Saved as: Townes Van Zandt - Poncho   Lefty.flac)
[SUCCESS] Rake - Townes Van Zandt (Saved as: Townes Van Zandt - Rake.flac)
[SUCCESS] Redneck Riviera - Tom T. Hall (Saved as: Dr Breeze - Redneck Riviera.flac)
[FAILED] Ring of Fire - Johnny Cash (Timeout: Bot did not respond with media)
[SUCCESS] Ripple - Grateful Dead (Saved as: Grateful Dead - Ripple (2001 Remaster).flac)
[SUCCESS] Sad Cinderella - Townes Van Zandt (Saved as: Townes Van Zandt - Sad Cinderella.flac)
[SUCCESS] Salute To A Switchblade - Tom T. Hall (Saved as: Tom T. Hall - Salute To A Switchblade.flac)
[SUCCESS] Satch Boogie - Joe Satriani (Saved as: Joe Satriani - Satch Boogie.flac)
[SUCCESS] Second Handed Flowers - Tom T. Hall (Saved as: Ray Lynam - Second Handed Flowers.flac)
[SUCCESS] She Gave Her Heart To Jethro - Tom T. Hall (Saved as: Don Bowman - She Gave Her Heart to Jethro.flac)
[SUCCESS] Shoeshine Man - Tom T. Hall (Saved as: Tom T. Hall - Shoeshine Man.flac)
[SUCCESS] Shot Of Gold - Aliotta Haynes Jeremiah (Saved as: Aliotta Haynes Jeremiah - A Shot of Gold.flac)
[SUCCESS] Silver Medals and Sweet Memories - The Statler Brothers (Saved as: Paddy O Brien - Silver Medals and Sweet Memories.flac)
[SUCCESS] Silvera - Gojira (Saved as: Gojira - Silvera.mp3)
[SUCCESS] Skipper's Fiesta - Aliotta Haynes Jeremiah (Saved as: Aliotta Haynes Jeremiah - Skipper s Fiesta.flac)
[SUCCESS] Snow Don't Fall - Townes Van Zandt (Saved as: John P. Strohm - Snow Don t Fall.flac)
[FAILED] Sorry You're Sick - Ted Hawkins (Timeout: Bot did not respond with media)
[SUCCESS] Spirit Crusher - Death (Saved as: Death - Spirit Crusher.flac)
[SUCCESS] Spiritual Healing - Death (Saved as: Death - Living Monstrosity.flac)
[SUCCESS] State Of Emergency - Stiff Little Fingers (Saved as: DMTN - E.R.flac)
[SUCCESS] Straight Edge - Minor Threat (Saved as: Minor Threat - Straight Edge.flac)
[SUCCESS] Stranded - Gojira (Saved as: Gojira - Stranded.flac)
[SUCCESS] Subdivision Blues - Tom T. Hall (Saved as: Ivyrowe - Subdivision Blues.flac)
[SUCCESS] Surfing with the Alien - Joe Satriani (Saved as: Joe Satriani - Surfing with the Alien.mp3)
[SUCCESS] Take Warning (2007 Remaster) - Operation Ivy (Saved as: Operation Ivy - Take Warning.flac)
[SUCCESS] Talkin' Karate Blues - Townes Van Zandt (Saved as: Joey Parker,Phillip Bazen - Talkin Karate Blues.flac)
[SUCCESS] Tears in the Rain - Joe Satriani (Saved as: Joe Satriani - Tears in the Rain.mp3)
[FAILED] Tecumseh Valley - Townes Van Zandt (Timeout: Bot did not respond with media)
[FAILED] The Crowd (2007 Remaster) - Operation Ivy (Timeout: Bot did not respond with media)
[FAILED] The Days of Sand and Shovels - Bobby Vinton (Timeout: Bot did not respond with media)
[SUCCESS] The Dolphins - Fred Neil (Saved as: Fred Neil - The Dolphins.flac)
[SUCCESS] The Highwayman - Waylon Jennings (Saved as: Johnny_Cash,Willie_Nelson,Waylon_Jennings,Kris_Kristofferson_H (1).flac)
[SUCCESS] The Hitchhiker - Tom T. Hall (Saved as: Tom T. Hall - The Hitchhiker.mp3)
[SUCCESS] The Hobo - Merle Haggard (Saved as: Merle Haggard - The Hobo.flac)
[SUCCESS] The Man Who Shot Himself - Tom T. Hall (Saved as: Tom T. Hall - The Man Who Shot Himself.flac)
[SUCCESS] The Moonlight Song - Blaze Foley (Saved as: Acoustic_Instrumental_Vibes_The_Moonlight_Song_Original_Motio.flac)
[SUCCESS] The Way It Goes - Gillian Welch (Saved as: Gillian Welch - The Way It Goes.flac)
[SUCCESS] The Wind - Cat Stevens (Saved as: Yusuf , Cat Stevens - The Wind.flac)
[SUCCESS] This Place Sucks - The Queers (Saved as: MAYFOUR Music - The package.flac)
[SUCCESS] Tin Soldiers - Stiff Little Fingers (Saved as: Stiff Little Fingers - Tin Soldiers.flac)
[SUCCESS] To Live Is To Fly - Townes Van Zandt (Saved as: Townes Van Zandt - To Live Is to Fly.flac)
[SUCCESS] Turn It On, Turn It On, Turn It On - Tom T. Hall (Saved as: Tom T. Hall - Turn It On, Turn It On, Turn It On.flac)
[SUCCESS] Waitin' Round to Die - Townes Van Zandt (Saved as: Whitey Morgan   the 78 s - Waitin   Round to Die.flac)
[SUCCESS] Waiting Around to Die - Townes Van Zandt (Saved as: Townes Van Zandt - Waiting Around To Die.flac)
[FAILED] Wasted Life - Stiff Little Fingers (Timeout: Bot did not respond with media)
[SUCCESS] When He Offers His Hand - Townes Van Zandt (Saved as: Townes Van Zandt - When He Offers His Hand (2014 Remaster).flac)
[SUCCESS] Where Dragons Dwell - Gojira (Saved as: Gojira - Where Dragons Dwell.flac)
[SUCCESS] Whiskey Castles - Tom T. Hall (Saved as: Bill Dawg - Whiskey Castles.flac)
[SUCCESS] Who's Gonna Feed Them Hogs - Tom T. Hall (Saved as: Smilin  Jim Eanes - Who s Gonna Feed Them Hogs.flac)
[SUCCESS] Willy The Wandering Gypsy And Me - Tom T. Hall (Saved as: Billy Joe Shaver - Willy the Wandering Gypsy and Me.flac)
[SUCCESS] Wilson Rag - Elizabeth Cotten (Saved as: Elizabeth Cotten - Wilson Rag.flac)
[SUCCESS] You Go To Your Lonesome Valley - Mississippi John Hurt (Saved as: Mississippi_John_Hurt_You_Got_To_Walk_That_Lonesome_Valley.flac)
[SUCCESS] Your Man Loves You Honey - Tom T. Hall (Saved as: Ducktown Station - Your Man Loves You, Honey.flac)
[SUCCESS] The Church In the Wildwood - Charley Pride (Saved as: Charley Pride - The Church In the Wildwood.flac)
[SUCCESS] My Eyes Can Only See as Far as You - Charley Pride (Saved as: Charlie Pride - My Eyes Can Only See as Far as You.flac)
[SUCCESS] He Took My Place - Charley Pride (Saved as: Nick zealous - HE TOOK MY PLACE.flac)
[SUCCESS] Wonder Could I Live There Anymore - Charley Pride (Saved as: Charley Pride - Wonder Could I Live There Anymore.flac)
[SUCCESS] I Can't Believe That You've Stopped Loving Me - Charley Pride (Saved as: aldn - icantbelieveiletyougetaway.mp3)
[SUCCESS] Me and Bobby McGee - Charley Pride (Saved as: Charley Pride - Me and Bobby Mcgee (Live).flac)
[SUCCESS] You're Still the Only One I'll Ever Love - Charley Pride (Saved as: Forever United - You re Still The One I Love.flac)
[SUCCESS] Someone Loves You Honey - Charley Pride (Saved as: Jimmie,Vella Cameron - Someone Loves You.mp3)
[SUCCESS] Crystal Chandeliers - Charley Pride (Saved as: Charley Pride - Crystal Chandeliers.flac)
[SUCCESS] When the Trains Come In - Charley Pride (Saved as: Noel Cassidy - When the Trains Come In.flac)
[SUCCESS] Then Who Am I - Charley Pride (Saved as: Mega_Tracks_Karaoke_Band_Then_Who_Am_I_Originally_Performed_b.flac)
[SUCCESS] Does My Ring Hurt Your Finger - Charley Pride (Saved as: Charley Pride - Does My Ring Hurt Your Finger.flac)
[SUCCESS] Mississippi Cotton Picking Delta Town - Charley Pride (Saved as: Coby Greer - Mississippi Cotton Picking Delta Town.flac)
[SUCCESS] Wings of a Dove - Charley Pride (Saved as: Dolly Parton - Wings of a Dove.flac)
[SUCCESS] Time Out for Jesus - Charley Pride (Saved as: Charley Pride - Time Out for Jesus.flac)
[SUCCESS] Burgers and Fries - Charley Pride (Saved as: Just 2 Guys - Burgers and Fries.flac)
[SUCCESS] Fifteen Years Ago - Charley Pride (Saved as: The Statler Brothers - Fifteen Years Ago.flac)
[SUCCESS] It's Gonna Take a Little Bit Longer - Charley Pride (Saved as: The_Kentucky_Ramblers_It_s_Gonna_Take_A_Little_Bit_Longer.flac)
[SUCCESS] Roll On Mississippi - Charley Pride (Saved as: Connie_s_Inn_Orchestra_Roll_on_Mississippi_Alternative_Versio.flac)
[SUCCESS] I Don't Think She's in Love Anymore - Charley Pride (Saved as: Charley Pride - I Don t Think She s in Love Anymore.flac)
[SUCCESS] The Snakes Crawl at Night - Charley Pride (Saved as: Charlie Pride - The snakes crawl at night.flac)
[SUCCESS] I'm Just Me - Charley Pride (Saved as: Charley Pride - I m Just Me.mp3)
[SUCCESS] Hope You're Feelin' Me (Like I'm Feelin' You) - Charley Pride (Saved as: Marty_Stuart,Charley_Pride_Hope_You_re_Feelin_Me_Like_I_m_Fe.flac)
[SUCCESS] Just for the Love of It - Charley Pride & Joe Diffie (Saved as: Ba Bro - Just For the Love of It.flac)
[SUCCESS] One Day at a Time - Charley Pride (Saved as: Kodaline - In The End.flac)
[SUCCESS] Morning (Re-Recorded) - Charley Pride (Saved as: しゃろう - Morning.flac)
[SUCCESS] Billy Bayou - Charley Pride (Saved as: Charley Pride - Billy Bayou.flac)
[SUCCESS] It's the Little Things - Charley Pride (Saved as: Charley Pride - It s the Little Things.flac)
[SUCCESS] Even After Everything She's Done - Charley Pride (Saved as: Lily Rose - Even After Everything.flac)
[SUCCESS] Take Care of Little Things - Charley Pride (Saved as: Charley Pride - Take Care of the Little Things.mp3)
[SUCCESS] Never More Than I - Charley Pride (Saved as: Charley Pride - Never More Than I.flac)
[SUCCESS] Louisiana Man - Charley Pride (Saved as: Charley Pride - Louisiana Man.flac)
[SUCCESS] Touch My Heart - Charley Pride (Saved as: Charley Pride - Touch My Heart.flac)
[SUCCESS] Silence - Charley Pride (Saved as: Charley Pride - Silence.mp3)
[FAILED] A Good Woman's Love - Charley Pride (Timeout: Bot did not respond with media)
[SUCCESS] Not the Boy I Used to Be - Charley Pride (Saved as: Charley Pride - I m Not the Boy I Used to Be.mp3)
[SUCCESS] I Know One - Charley Pride (Saved as: Charley Pride - I Know One.flac)
[SUCCESS] Spell of the Freight Train - Charley Pride (Saved as: Dave Reynolds - Spell Of The Freight Train.flac)
[SUCCESS] Apartment #9 - Charley Pride (Saved as: Charley Pride - Apartment #9.mp3)
[SUCCESS] In The Middle Of Nowhere - Charley Pride (Saved as: Charley Pride - In The Middle Of Nowhere.flac)
[SUCCESS] Got Leavin' On Her Mind - Charley Pride (Saved as: The Statler Brothers - Got Leavin  On Her Mind.flac)
[SUCCESS] The Atlantic Coastal Line - Charley Pride (Saved as: Burl Ives - The Atlantic Coastal Line.flac)
[SUCCESS] Miller's Cave - Charley Pride (Saved as: Charley Pride - Miller s Cave.flac)
[SUCCESS] Before I Met You - Charley Pride (Saved as: Charley Pride - Before I Met You.flac)
[SUCCESS] That's My Way to Take It - Charley Pride (Saved as: Purple Eye - That s My Way to Love You.flac)
[SUCCESS] Green, Green Grass of Home - Charley Pride (Saved as: Charley Pride - Green, Green Grass Of Home.flac)
[SUCCESS] Yonder Comes a Sucker - Charley Pride (Saved as: The_SpeedBombers,Freddy_Fox,Trond_Næsheim,Christopher_Johansen_.flac)
[SUCCESS] 'Till The Rivers All Run Dry - Don Williams (Saved as: Don Williams - 海枯石烂 Till The Rivers All Run Dry.flac)
[FAILED] (Quicksilver Daydreams Of) Maria - Townes Van Zandt (Timeout: Bot did not respond with media)
[FAILED] 2000 Miles - Aliotta Haynes Jeremiah (Timeout: Bot did not respond with media)
[FAILED] A Couple of Times a Year - Aliotta Haynes Jeremiah (Timeout: Bot did not respond with media)
[FAILED] A Little Song - Aliotta Haynes Jeremiah (Timeout: Bot did not respond with media)
[FAILED] A Message to You Rudy (2002 Remaster) - The Specials (Timeout: Bot did not respond with media)
